[INFO] scripts\a3\olof.script:560: Empty event block 'npcatk_settarget'
[WARNING] scripts\a3\rudolf.script:3: Line outside event block: include a3/olof
[WARNING] scripts\badlands\djinn_fire.script:32: No translator for command 'moveanim'
[WARNING] scripts\bloodrose\atholo.script:124: No translator for command 'maxslope'
[WARNING] scripts\bloodshrine\base_sorc_friendly.script:207: Duplicate event name 'game_damaged'
[WARNING] scripts\chests\base_treasurechest.script:555: Duplicate event name 'game_dynamically_created'
[WARNING] scripts\deralia\innkeeper.script:254: Duplicate event name 'say_rumour'
[WARNING] scripts\deralia\thief.script:193: No translator for command 'STEAL'
[WARNING] scripts\deralia\Willem.script:5: No translator for command 'cosnt'
[WARNING] scripts\desert_temple\orc_chatter1.script:155: Duplicate event name 'npcatk_hunt'
[INFO] scripts\desert_temple\orc_chatter2.script:21: Empty event block 'start_combat'
[WARNING] scripts\desert_temple\orc_chatter2.script:76: Duplicate event name 'start_combat'
[WARNING] scripts\desert_temple\orc_chatter2.script:128: Duplicate event name 'npcatk_hunt'
[INFO] scripts\dq\voldar.script:318: Empty event block 'game_hitground'
[INFO] scripts\dq\voldararcher_turret.script:17: Empty event block 'back_off'
[WARNING] scripts\dq\voldaraxer.script:57: Duplicate event name 'orc_spawn'
[WARNING] scripts\dq\voldarwarrior.script:56: Duplicate event name 'orc_spawn'
[WARNING] scripts\dridje\gloam_slayer.script:516: Duplicate event name 'game_menu_cancel'
[INFO] scripts\dridje\gloam_slayer.script:600: Empty event block 'npc_suicide'
[WARNING] scripts\dridmars_scripts_WIP\deralia\innkeeper.script:254: Duplicate event name 'say_rumour'
[WARNING] scripts\dridmars_scripts_WIP\mines\rudolf.script:94: Duplicate event name 'say_where'
[WARNING] scripts\edana\barwench.script:143: Duplicate event name 'say_job'
[WARNING] scripts\edana\barwench.script:174: Duplicate event name 'say_cider'
[WARNING] scripts\edana\barwench.script:185: Duplicate event name 'say_cider'
[WARNING] scripts\edana\barwench.script:227: Duplicate event name 'say_reward'
[WARNING] scripts\edana\bryan.script:256: Duplicate event name 'say_cider'
[WARNING] scripts\edana\bryan.script:264: Duplicate event name 'say_cider'
[WARNING] scripts\edana\edrin.script:238: Duplicate event name 'say_thief'
[WARNING] scripts\edana\masterp.script:1103: No translator for command 'savenow'
[WARNING] scripts\edana\mayorguard.script:144: Duplicate event name 'say_thief'
[WARNING] scripts\edana\msqguard.script:70: Duplicate event name 'say_mayor'
[WARNING] scripts\edana\msqguard.script:195: Duplicate event name 'say_thief'
[WARNING] scripts\edana\suliban.script:72: Duplicate event name 'say_mayor'
[WARNING] scripts\edana\suliban.script:108: No translator for command 'say_mayor2'
[INFO] scripts\effects\base_dot.script:56: Empty event block 'dot_start'
[INFO] scripts\effects\base_effect.script:99: Empty event block 'effect_die'
[INFO] scripts\effects\base_effect.script:104: Empty event block 'game_duplicated'
[INFO] scripts\effects\sfx_bunny.script:15: Empty event block 'game_prerender'
[INFO] scripts\effects\sfx_gib_burst.script:90: Empty event block 'update_gib'
[INFO] scripts\effects\sfx_whipflash.script:29: Empty event block 'do_whip'
[WARNING] scripts\effects\specialattack_haste.script:42: Duplicate event name 'effect_die'
[WARNING] scripts\furion\dragoons\dragoon_elite.script:317: Duplicate event name 'npc_struck'
[WARNING] scripts\furion\dragoons\dragoon_elite.script:836: Duplicate event name 'npc_targetsighted'
[WARNING] scripts\game_master\vote_generic.script:68: No translator for command 'array.remove'
[WARNING] scripts\game_master\vote_generic.script:116: No translator for command 'array.remove'
[WARNING] scripts\game_master.script:1012: No translator for command 'timestamp'
[WARNING] scripts\gatecity\vendor.script:198: Duplicate event name 'game_spawn'
[INFO] scripts\helena\blacksmith.script:114: Empty event block 'helena_flee'
[INFO] scripts\helena\blacksmith.script:225: Empty event block 'npcatk_ally_alert'
[WARNING] scripts\helena\helena_npc.script:141: Duplicate event name 'game_struck'
[WARNING] scripts\helena\old_harry.script:132: No translator for command 'DLLFunc'
[WARNING] scripts\helena\old_harry.script:141: No translator for command 'DLLFunc'
[WARNING] scripts\helena\orcwarboss_ghost.script:67: No translator for command 'rendermode'
[WARNING] scripts\helena\orcwarboss_ghost.script:68: No translator for command 'renderamt'
[WARNING] scripts\helena\serrold.script:151: No translator for command 'DLLFunc'
[WARNING] scripts\helena\serrold.script:160: No translator for command 'DLLFunc'
[WARNING] scripts\helena\vendor.script:1: Line outside event block: f
[INFO] scripts\help\first_transition.script:54: Empty event block 'game_transition_exited'
[INFO] scripts\help\first_transition.script:103: Empty event block 'game_map_change'
[WARNING] scripts\items\armor_base.script:169: Duplicate event name 'barmor_effect_activate'
[WARNING] scripts\items\armor_base.script:41: No translator for command 'registerarmor'
[WARNING] scripts\items\armor_base.script:93: No translator for command 'playermessagecl'
[WARNING] scripts\items\armor_base_helmet.script:129: No translator for command 'setrender'
[INFO] scripts\items\armor_base_hybrid.script:151: Empty event block 'game_remove'
[INFO] scripts\items\armor_base_hybrid.script:206: Empty event block 'armor_spec_effect'
[WARNING] scripts\items\armor_base_hybrid.script:134: No translator for command 'playermessagecl'
[WARNING] scripts\items\armor_base_new.script:30: No translator for command 'registerarmor'
[WARNING] scripts\items\armor_base_new.script:69: No translator for command 'playermessagecl'
[WARNING] scripts\items\axes_base_twohanded.script:58: Duplicate event name 'game_spawn'
[INFO] scripts\items\axes_dragon_cl.script:10: Empty event block 'client_activate'
[WARNING] scripts\items\axes_td.script:65: No translator for command 'setmodelskin'
[WARNING] scripts\items\base_crest.script:72: No translator for command 'registerarmor'
[WARNING] scripts\items\base_crest.script:147: No translator for command 'playermessagecl'
[INFO] scripts\items\base_elemental_resist.script:104: Empty event block 'elm_get_resist'
[WARNING] scripts\items\base_item_extras.script:111: Duplicate event name 'game_deploy'
[WARNING] scripts\items\base_item_extras.script:202: Duplicate event name 'game_deploy'
[WARNING] scripts\items\base_item_extras.script:210: Duplicate event name 'game_fall'
[WARNING] scripts\items\base_item_extras.script:218: Duplicate event name 'game_restricted'
[INFO] scripts\items\base_item_extras.script:227: Empty event block 'bweapon_effect_activate'
[WARNING] scripts\items\base_lighted.script:93: No translator for command 'if'
[INFO] scripts\items\base_ranged.script:49: Empty event block 'game_dodamage'
[INFO] scripts\items\base_scan_area.script:19: Empty event block 'bscan_start_scan'
[WARNING] scripts\items\base_sheath.script:26: No translator for command 'registercontainer'
[WARNING] scripts\items\base_tome.script:101: Duplicate event name 'game_deploy'
[WARNING] scripts\items\base_tome.script:78: No translator for command 'learnspell'
[WARNING] scripts\items\base_weapon.script:80: Duplicate event name 'game_deploy'
[WARNING] scripts\items\blunt_gauntlets_fe1.script:152: Duplicate event name 'weapon_spawn'
[WARNING] scripts\items\blunt_gauntlets_fe1.script:97: No translator for command 'registerspell'
[INFO] scripts\items\blunt_gauntlets_fire.script:120: Empty event block 'item_idle'
[WARNING] scripts\items\blunt_gauntlets_fire.script:144: Duplicate event name 'gaunt_damaged_other'
[WARNING] scripts\items\blunt_lightning.script:2: Line outside event block: deleteent ent_me
[WARNING] scripts\items\blunt_lrod11.script:155: Duplicate event name 'repulse_start'
[WARNING] scripts\items\blunt_northmaul972.script:281: Duplicate event name 'game_deploy'
[INFO] scripts\items\blunt_northmaul972.script:290: Empty event block 'game_switchhands'
[WARNING] scripts\items\blunt_ravenmace.script:127: Duplicate event name 'weapon_spawn'
[INFO] scripts\items\bows_crossbow_heavy33.script:143: Empty event block 'ranged_noammo'
[INFO] scripts\items\bows_crossbow_light.script:136: Empty event block 'ranged_noammo'
[WARNING] scripts\items\crossbow_heavy.script:43: No translator for command 'setholdmodel'
[INFO] scripts\items\dev_staff\physgun.script:45: Empty event block 'target_freeze'
[WARNING] scripts\items\dev_staff.script:165: Duplicate event name 'game_attack1_down'
[INFO] scripts\items\dev_staff.script:187: Empty event block 'wmodel_me_baby'
[WARNING] scripts\items\item_djinn_fire.script:75: No translator for command 'if'
[WARNING] scripts\items\item_djinn_light.script:78: No translator for command 'if'
[INFO] scripts\items\item_precache.script:82: Empty event block 'fake_caches'
[INFO] scripts\items\magic_hand_base.script:178: Empty event block 'spell_prepare_success'
[INFO] scripts\items\magic_hand_base.script:202: Empty event block 'cast_end'
[WARNING] scripts\items\magic_hand_base.script:160: No translator for command 'registerspell'
[WARNING] scripts\items\magic_hand_holy_hammer.script:33: No translator for command 'registerspell'
[WARNING] scripts\items\mana_forget.script:97: Duplicate event name 'game_deploy'
[WARNING] scripts\items\pack_bank.script:82: No translator for command 'registercontainer'
[WARNING] scripts\items\pack_base.script:42: No translator for command 'registercontainer'
[WARNING] scripts\items\pack_base.script:138: No translator for command 'setlock'
[WARNING] scripts\items\pack_base.script:144: No translator for command 'setlock'
[WARNING] scripts\items\pack_sack.script:40: No translator for command 'playermessagecl'
[WARNING] scripts\items\polearms_base.script:1068: Duplicate event name 'game_drop'
[WARNING] scripts\items\polearms_base.script:1091: Duplicate event name 'attack_poke1_damaged_other'
[INFO] scripts\items\polearms_test.script:344: Empty event block 'item_idle'
[INFO] scripts\items\proj_arrow_phx_cl.script:63: Empty event block 'update_flame_burst'
[INFO] scripts\items\proj_arrow_spiral.script:51: Empty event block 'game_fall'
[INFO] scripts\items\proj_arrow_spiral.script:54: Empty event block 'game_projectile_hitnpc'
[WARNING] scripts\items\proj_arrow_spiral.script:103: Duplicate event name 'game_projectile_hitwall'
[WARNING] scripts\items\proj_base.script:128: No translator for command 'solidifyprojectile'
[WARNING] scripts\items\proj_bolt_fire.script:111: No translator for command 'attachlight'
[WARNING] scripts\items\proj_bolt_fire.script:112: No translator for command 'attachsprite'
[WARNING] scripts\items\proj_crescent.script:110: No translator for command 'projectiletouch'
[INFO] scripts\items\proj_fire_dart_cl.script:29: Empty event block 'effect_die'
[INFO] scripts\items\proj_flame_jet.script:52: Empty event block 'game_fall'
[WARNING] scripts\items\proj_flame_jet.script:102: Duplicate event name 'game_projectile_hitwall'
[INFO] scripts\items\proj_flame_jet2.script:52: Empty event block 'game_fall'
[WARNING] scripts\items\proj_flame_jet2.script:96: Duplicate event name 'game_projectile_hitwall'
[INFO] scripts\items\proj_freezing_sphere.script:58: Empty event block 'game_fall'
[INFO] scripts\items\proj_freezing_sphere.script:61: Empty event block 'game_projectile_hitnpc'
[WARNING] scripts\items\proj_freezing_sphere.script:84: Duplicate event name 'game_projectile_hitwall'
[WARNING] scripts\items\proj_gdragon_spit.script:47: No translator for command 'projectiletouch'
[INFO] scripts\items\proj_hold_person.script:59: Empty event block 'game_fall'
[WARNING] scripts\items\proj_k_knife.script:108: No translator for command 'solidifyprojectile'
[INFO] scripts\items\proj_lightning_ball.script:55: Empty event block 'game_fall'
[INFO] scripts\items\proj_lightning_ball_simple.script:47: Empty event block 'game_fall'
[WARNING] scripts\items\proj_mana.script:300: Duplicate event name 'game_projectile_hitwall'
[WARNING] scripts\items\proj_mana.script:49: No translator for command 'projectiletouch'
[INFO] scripts\items\proj_mana_drainer.script:14: Empty event block 'game_precache'
[WARNING] scripts\items\proj_mana_drainer.script:52: No translator for command 'usable'
[INFO] scripts\items\proj_poison.script:38: Empty event block 'game_fall'
[INFO] scripts\items\proj_poison_spit2.script:36: Empty event block 'game_fall'
[WARNING] scripts\items\proj_pole_sl.script:45: No translator for command 'projectiletouch'
[WARNING] scripts\items\proj_server_arrow.script:107: Duplicate event name 'game_tossprojectile'
[INFO] scripts\items\proj_ss.script:50: Empty event block 'game_fall'
[INFO] scripts\items\proj_ss.script:53: Empty event block 'game_projectile_hitnpc'
[WARNING] scripts\items\proj_ss.script:97: Duplicate event name 'game_projectile_hitwall'
[INFO] scripts\items\proj_ub.script:49: Empty event block 'game_fall'
[INFO] scripts\items\proj_ub.script:52: Empty event block 'game_projectile_hitnpc'
[WARNING] scripts\items\proj_ub.script:94: Duplicate event name 'game_projectile_hitwall'
[WARNING] scripts\items\proj_volcano_svr.script:95: Duplicate event name 'projectile_spawn'
[INFO] scripts\items\shields_base.script:301: Empty event block 'game_pickup'
[WARNING] scripts\items\smallarms_frozentongueonflagpole.script:141: Line outside event block: else {
[WARNING] scripts\items\smallarms_frozentongueonflagpole.script:142: Line outside event block: playsound 0 10 magic/frost_reverse.wav
[WARNING] scripts\items\smallarms_frozentongueonflagpole.script:143: Line outside event block: clientevent new all monsters/summon/ice_burst_cl $get(ent_owner,index)
[WARNING] scripts\items\smallarms_frozentongueonflagpole.script:146: Line outside event block: if ( $get(ent_me,hand_index) == 1 )	hud.addstatusicon ent_owner hud/status/alpha_specialcooldownright litchcooldownright 20
[WARNING] scripts\items\smallarms_frozentongueonflagpole.script:147: Line outside event block: else hud.addstatusicon ent_owner hud/status/alpha_specialcooldownleft litchcooldownleft 20
[WARNING] scripts\items\smallarms_frozentongueonflagpole.script:150: Line outside event block: setvard BURST_DAMAGE $math(multiply,$math(add,$math(multiply,$get(ent_owner,skill.smallarms),0.60),$math(multiply,$get(ent_owner,skill.spellcasting.ice),0.40)),2.5)
[WARNING] scripts\items\smallarms_frozentongueonflagpole.script:152: Line outside event block: setvard NEXT_LITCH_BURST game.time
[WARNING] scripts\items\smallarms_frozentongueonflagpole.script:154: Line outside event block: add NEXT_LITCH_BURST 20.0
[WARNING] scripts\items\smallarms_frozentongueonflagpole.script:155: Line outside event block: setvard TARG_LIST $sort_entlist(TARG_LIST,range,$get(ent_owner,origin))
[WARNING] scripts\items\smallarms_frozentongueonflagpole.script:156: Line outside event block: setvard TARGETS_AFFECTED 0
[WARNING] scripts\items\smallarms_frozentongueonflagpole.script:157: Line outside event block: calleventloop $get_token_amt(TARG_LIST) burst_affect_targets
[WARNING] scripts\items\smallarms_frozentongueonflagpole.script:158: Line outside event block: }
[WARNING] scripts\items\smallarms_frozentongueonflagpole.script:159: Line outside event block: }
[WARNING] scripts\items\smallarms_frozentongueonflagpole.script:137: No translator for command '{'
[INFO] scripts\items\swords_dynamic.script:30: Empty event block 'register_normal'
[WARNING] scripts\items\swords_m2sword.script:131: No translator for command 'playrandomsoundcl'
[WARNING] scripts\items\swords_rune_green.script:74: Duplicate event name 'weapon_spawn'
[WARNING] scripts\items\swords_sf.script:322: Duplicate event name 'bweapon_effect_remove'
[WARNING] scripts\items\swords_testskin.script:51: No translator for command 'setmodelskin'
[WARNING] scripts\items\swords_testsub.script:52: No translator for command 'setviewmodelbody'
[WARNING] scripts\littleg\melanion.script:21: Command 'setmodelbody' translator returned False
[WARNING] scripts\littleg\salandria.script:18: Command 'setmodelbody' translator returned False
[WARNING] scripts\mercenaries\archer.script:201: Duplicate event name 'dropstuff'
[WARNING] scripts\mercenaries\archer.script:97: No translator for command 'attack'
[WARNING] scripts\mines\rudolf.script:94: Duplicate event name 'say_where'
[INFO] scripts\minibosses\flesheater.script:98: Empty event block 'game_postspawn'
[WARNING] scripts\minibosses\flesheater.script:277: Duplicate event name 'npcatk_targetvalidate'
[WARNING] scripts\monsters\anim_archer.script:109: Duplicate event name 'npc_targetsighted'
[WARNING] scripts\monsters\anim_archer.script:172: Duplicate event name 'two_was_summoned'
[INFO] scripts\monsters\attack_hack.script:41: Empty event block 'do_stuff'
[INFO] scripts\monsters\bandit_boss.script:1563: Empty event block 'do_invis'
[WARNING] scripts\monsters\bandit_elite.script:240: Duplicate event name 'npc_struck'
[WARNING] scripts\monsters\bandit_elite.script:684: Duplicate event name 'npc_targetsighted'
[WARNING] scripts\monsters\bandit_hard.script:248: Duplicate event name 'npc_struck'
[WARNING] scripts\monsters\base_anti_stuck.script:495: Duplicate event name 'game_dynamically_created'
[INFO] scripts\monsters\base_chat.script:120: Empty event block 'say_rumor'
[WARNING] scripts\monsters\base_chat_array.script:415: No translator for command 'L_LINE_LENGTH'
[WARNING] scripts\monsters\base_flyer.script:108: Duplicate event name 'do_one_eighty2'
[WARNING] scripts\monsters\base_glow.script:40: Duplicate event name 'game_death'
[WARNING] scripts\monsters\base_monster_shared.script:993: Duplicate event name 'game_damaged'
[WARNING] scripts\monsters\base_monster_shared.script:1374: Duplicate event name 'npcatk_clear_targets'
[WARNING] scripts\monsters\base_monster_shared.script:1406: Duplicate event name 'npcatk_resume_ai'
[WARNING] scripts\monsters\base_monster_shared.script:1457: Duplicate event name 'cycle_down'
[WARNING] scripts\monsters\base_monster_shared.script:360: No translator for command 'maxslope'
[WARNING] scripts\monsters\base_monster_shared.script:713: No translator for command 'get'
[WARNING] scripts\monsters\base_script_skills.script:202: No translator for command 'learnskill'
[WARNING] scripts\monsters\base_self_adjust.script:503: Duplicate event name 'game_dynamically_created'
[INFO] scripts\monsters\bat_summon.script:38: Empty event block 'bat_hang'
[WARNING] scripts\monsters\bear_base_giant.script:38: No translator for command 'removesetvar'
[WARNING] scripts\monsters\bear_base_giant.script:39: No translator for command 'removesetvar'
[WARNING] scripts\monsters\bear_base_giant.script:40: No translator for command 'removesetvar'
[WARNING] scripts\monsters\bear_base_giant.script:41: No translator for command 'removesetvard'
[WARNING] scripts\monsters\bear_god_random.script:290: Duplicate event name 'frame_attack1'
[WARNING] scripts\monsters\bear_god_random.script:294: Duplicate event name 'bear_stomp'
[WARNING] scripts\monsters\beetle_base.script:476: Duplicate event name 'npcatk_hunt'
[INFO] scripts\monsters\bludgeon_gaz_base.script:471: Empty event block 'walk_step'
[INFO] scripts\monsters\boar1.script:41: Empty event block 'npc_attack'
[WARNING] scripts\monsters\boar1.script:32: No translator for command 'setskin'
[WARNING] scripts\monsters\boar_base.script:63: No translator for command 'setskin'
[WARNING] scripts\monsters\borc.script:96: No translator for command 'layrandomsound'
[INFO] scripts\monsters\cold_lady.script:76: Empty event block 'npcatk_hunt'
[WARNING] scripts\monsters\companion\base_companion.script:255: No translator for command 'quest.set'
[INFO] scripts\monsters\companion\body_maker.script:2: Empty event block 'game_dynamically_created'
[WARNING] scripts\monsters\companion\pet_wolf.script:343: Duplicate event name 'bs_set_hunt_mode'
[INFO] scripts\monsters\companion\pet_wolf.script:439: Empty event block 'summon_cycle'
[INFO] scripts\monsters\companion\spell_maker_lightning.script:17: Empty event block 'game_spawn'
[WARNING] scripts\monsters\demonwing_giant_ice.script:756: Duplicate event name 'npc_stuck'
[WARNING] scripts\monsters\djinn_lightning_lesser.script:396: Duplicate event name 'my_target_died'
[WARNING] scripts\monsters\djinn_lightning_lesser.script:330: No translator for command 'setrvard'
[WARNING] scripts\monsters\djinn_lightning_troll.script:462: Duplicate event name 'warcry'
[WARNING] scripts\monsters\djinn_lightning_troll.script:479: Duplicate event name 'cycle_up'
[WARNING] scripts\monsters\djinn_ogre_fire.script:386: Duplicate event name 'my_target_died'
[WARNING] scripts\monsters\djinn_ogre_fire.script:568: Duplicate event name 'cycle_up'
[INFO] scripts\monsters\doom_plant_new.script:63: Empty event block 'set_final_params'
[INFO] scripts\monsters\dwarf_bomber.script:509: Empty event block 'frame_explode_land'
[INFO] scripts\monsters\dwarf_bomber.script:513: Empty event block 'frame_explode_prep'
[WARNING] scripts\monsters\dwarf_zombie_bloat.script:261: No translator for command 'vectorset.yaw'
[WARNING] scripts\monsters\dwarf_zombie_random.script:473: No translator for command 'usetrig'
[INFO] scripts\monsters\elf_wizard_cl.script:4: Empty event block 'client_activate'
[WARNING] scripts\monsters\externals.script:1064: Duplicate event name 'npc_post_spawn'
[WARNING] scripts\monsters\externals.script:1501: Duplicate event name 'npc_post_spawn'
[WARNING] scripts\monsters\externals.script:914: No translator for command 'setrender'
[INFO] scripts\monsters\fallen_armor_triggered.script:34: Empty event block 'armor_heardsound'
[INFO] scripts\monsters\fire_reaver_mini.script:291: Empty event block 'game_death'
[WARNING] scripts\monsters\fish_base.script:44: No translator for command 'roamdelay'
[WARNING] scripts\monsters\fish_base.script:82: No translator for command 'roamdelay'
[WARNING] scripts\monsters\fish_leech.script:80: Duplicate event name 'npc_spawn'
[WARNING] scripts\monsters\fish_leech.script:107: No translator for command 'roamdelay'
[WARNING] scripts\monsters\horror.script:384: Duplicate event name 'game_death'
[WARNING] scripts\monsters\ice_mage.script:212: Duplicate event name 'npcatk_hunt'
[WARNING] scripts\monsters\ice_mage.script:259: Duplicate event name 'npc_post_spawn'
[WARNING] scripts\monsters\ice_mage.script:264: Duplicate event name 'game_death'
[WARNING] scripts\monsters\ice_reaver.script:279: Duplicate event name 'slash_dodamage'
[WARNING] scripts\monsters\ice_reaver.script:304: No translator for command 'setrvard'
[WARNING] scripts\monsters\k_childre_boss_jelly.script:110: No translator for command 'taledmg'
[WARNING] scripts\monsters\k_hollow_one.script:107: Duplicate event name 'game_precache'
[INFO] scripts\monsters\k_hollow_one.script:439: Empty event block 'stop_movement'
[WARNING] scripts\monsters\k_hollow_one.script:919: Duplicate event name 'npcatk_hunt'
[WARNING] scripts\monsters\k_hollow_one.script:1151: Duplicate event name 'npcatk_hunt'
[INFO] scripts\monsters\lightning_worm.script:97: Empty event block 'npcatk_hunt'
[WARNING] scripts\monsters\maldora_gminion_random.script:312: Duplicate event name 'game_death'
[WARNING] scripts\monsters\maldora_minion_random.script:301: Duplicate event name 'game_death'
[INFO] scripts\monsters\morc_chief.script:200: Empty event block 'baseorc_yell'
[INFO] scripts\monsters\morc_shaman_ice_noblizz.script:3: Empty event block 'make_blizzard'
[WARNING] scripts\monsters\ogre_cave.script:352: Duplicate event name 'my_target_died'
[WARNING] scripts\monsters\ogre_cave_welp.script:350: Duplicate event name 'my_target_died'
[WARNING] scripts\monsters\orc_sniper.script:232: Duplicate event name 'npc_post_spawn'
[INFO] scripts\monsters\rabid_skele_base.script:156: Empty event block 'check_projectile'
[INFO] scripts\monsters\rabid_skele_base.script:160: Empty event block 'npc_death'
[INFO] scripts\monsters\sgoblin_cl.script:3: Empty event block 'client_activate'
[WARNING] scripts\monsters\skeleton_base.script:313: Duplicate event name 'game_heardsound'
[WARNING] scripts\monsters\skeleton_base.script:347: Duplicate event name 'make_deep_sleeper'
[WARNING] scripts\monsters\skeleton_ice.script:160: No translator for command 'setvarad'
[WARNING] scripts\monsters\skeleton_ice_lord.script:477: No translator for command 'setanim'
[WARNING] scripts\monsters\skeleton_ice_lord.script:569: No translator for command 'animspeed'
[WARNING] scripts\monsters\skeleton_poison_random.script:310: Duplicate event name 'game_damaged_other'
[WARNING] scripts\monsters\skeleton_poison_random.script:336: Duplicate event name 'attack_2'
[WARNING] scripts\monsters\skeleton_poison_random.script:406: Duplicate event name 'game_damaged_other'
[INFO] scripts\monsters\snake_cobra_boss_cl.script:3: Empty event block 'client_activate'
[WARNING] scripts\monsters\snake_gcobra_metal.script:238: No translator for command ']'
[INFO] scripts\monsters\snake_lord.script:56: Empty event block 'me_pouncie'
[WARNING] scripts\monsters\sorc_base.script:553: Duplicate event name 'npc_post_spawn'
[INFO] scripts\monsters\sorc_chief1.script:831: Empty event block 'do_nadda'
[INFO] scripts\monsters\sorc_chief2.script:494: Empty event block 'do_nadda'
[WARNING] scripts\monsters\sorc_juggernaut.script:139: Duplicate event name 'swing_axe'
[WARNING] scripts\monsters\summon\circle_of_death_old.script:93: No translator for command 'subract'
[WARNING] scripts\monsters\summon\circle_of_fire.script:70: No translator for command 'subract'
[WARNING] scripts\monsters\summon\circle_of_ice_greater.script:68: No translator for command 'subract'
[WARNING] scripts\monsters\summon\doom_plant.script:341: Duplicate event name 'game_dodamage'
[WARNING] scripts\monsters\summon\flame_burst.script:26: No translator for command 'clienteffect'
[WARNING] scripts\monsters\summon\ibarrier.script:193: Duplicate event name 'remove_me'
[WARNING] scripts\monsters\summon\ice_burst.script:28: No translator for command 'clienteffect'
[WARNING] scripts\monsters\summon\ice_wave.script:37: No translator for command 'subract'
[INFO] scripts\monsters\summon\magic_dart.script:203: Empty event block 'game_reached_dest'
[WARNING] scripts\monsters\summon\npc_poison_cloud_old.script:147: Duplicate event name 'smokes_start'
[WARNING] scripts\monsters\summon\npc_volcano.script:78: No translator for command 'client'
[WARNING] scripts\monsters\summon\poison_cloud.script:182: Duplicate event name 'smokes_start'
[WARNING] scripts\monsters\summon\volcano_troll.script:68: No translator for command 'client'
[WARNING] scripts\monsters\swamp_ogre.script:364: Duplicate event name 'my_target_died'
[WARNING] scripts\monsters\swamp_reaver.script:203: Duplicate event name 'npc_targetsighted'
[INFO] scripts\monsters\swamp_tube_cl.script:13: Empty event block 'do_nadda'
[INFO] scripts\monsters\uber_reaver.script:452: Empty event block 'game_damaged'
[WARNING] scripts\monsters\uber_reaver.script:229: No translator for command 'setrvard'
[WARNING] scripts\monsters\vgoblin_chief.script:214: Duplicate event name 'swing_axe'
[WARNING] scripts\monsters\wyrm_fire.script:351: No translator for command 'removefx'
[INFO] scripts\ms_soccer\sorc1.script:67: Empty event block 'jump_start'
[WARNING] scripts\ms_wicardoven\maldora.script:543: No translator for command 'effects'
[WARNING] scripts\ms_wicardoven\maldora_image.script:223: Duplicate event name 'maldoraf_died'
[WARNING] scripts\nashalrath\brush_storm_lightning1.script:1: Line outside event block: scope server
[WARNING] scripts\nashalrath\dragon_green_mini.script:325: Duplicate event name 'frame_slct_next_attack'
[WARNING] scripts\nashalrath\dragon_green_mini.script:676: Duplicate event name 'game_death'
[WARNING] scripts\nashalrath\kayrath_cl.script:101: Duplicate event name 'update_source_rhand'
[WARNING] scripts\NPCs\base_arrow_storage.script:97: No translator for command 'addstr'
[WARNING] scripts\NPCs\default_human.script:48: No translator for command 'hearingsensitivty'
[WARNING] scripts\NPCs\forsuth.script:570: Duplicate event name 'npcatk_targetvalidate'
[WARNING] scripts\NPCs\thief.script:178: Duplicate event name 'say_gold'
[WARNING] scripts\NPCs\tutorial_prisoner.script:34: No translator for command 'menu.autopen'
[WARNING] scripts\old_helena\dorfgan.script:243: Duplicate event name 'addrandomitems'
[WARNING] scripts\old_helena\dorfgan.script:248: Duplicate event name 'addrandomitems'
[WARNING] scripts\orc_for\goblin_base.script:381: Duplicate event name 'cycle_up'
[WARNING] scripts\other\beta_date.script:1: Unclosed event block starting at line 1
[INFO] scripts\other\beta_date.script:1: Empty event block 'BETA_TIMESTAMP'
[WARNING] scripts\other\const_test.script:22: No translator for command 'const_ovrd'
[WARNING] scripts\other\const_test.script:23: No translator for command 'const_ovrd'
[WARNING] scripts\other\keyhole.script:51: Duplicate event name 'game_menu_getoptions'
[WARNING] scripts\other\keyhole_return.script:56: Duplicate event name 'game_menu_getoptions'
[WARNING] scripts\other\lure.script:110: Duplicate event name 'game_death'
[WARNING] scripts\other\lure.script:121: Duplicate event name 'game_struck'
[INFO] scripts\other\touch_test.script:7: Empty event block 'game_touch'
[WARNING] scripts\outpost\super.script:51: No translator for command 'maxslope'
[WARNING] scripts\phlames\phlame.script:573: No translator for command ')'
[WARNING] scripts\phobia\ralion_ally.script:244: Duplicate event name 'bandit_ally_fire_spawn'
[WARNING] scripts\player\emote_sit&stand.script:64: No translator for command 'setstatus'
[WARNING] scripts\player\emote_sit&stand.script:76: No translator for command 'setstatus'
[WARNING] scripts\player\externals.script:3179: Duplicate event name 'ext_setspawn'
[WARNING] scripts\player\externals.script:472: No translator for command 'addgold'
[WARNING] scripts\player\externals.script:1437: No translator for command 'setrender'
[INFO] scripts\player\player_animation.script:198: Empty event block 'hold_animate'
[WARNING] scripts\player\player_animation.script:26: No translator for command 'setstatus'
[WARNING] scripts\player\player_animation.script:37: No translator for command 'setstatus'
[WARNING] scripts\player\player_animation.script:39: No translator for command 'gaitframerate'
[WARNING] scripts\player\player_animation.script:119: No translator for command 'setstatus'
[WARNING] scripts\player\player_animation.script:163: No translator for command 'setanimtorso'
[WARNING] scripts\player\player_animation.script:164: No translator for command 'setanimlegs'
[WARNING] scripts\player\player_animation.script:186: No translator for command 'setanimlegs'
[WARNING] scripts\player\player_animation.script:256: No translator for command 'gaitframerate'
[WARNING] scripts\player\player_cl_effects_special.script:1040: Duplicate event name 'cl_playsound'
[INFO] scripts\player\player_cl_effects_special.script:1392: Empty event block 'cb_test2'
[INFO] scripts\player\player_cl_effects_weather.script:134: Empty event block 'tod_change'
[WARNING] scripts\player\player_cl_effects_world.script:233: No translator for command 'lightgamma'
[WARNING] scripts\player\player_cl_effects_world.script:263: No translator for command 'lightgamma'
[WARNING] scripts\player\player_cl_effects_world.script:299: No translator for command 'lightgamma'
[INFO] scripts\player\player_cl_main.script:27: Empty event block 'game_jump'
[INFO] scripts\player\player_cl_main.script:31: Empty event block 'game_jump_land'
[INFO] scripts\player\player_cl_main.script:44: Empty event block 'game_death'
[INFO] scripts\player\player_main.script:190: Empty event block 'game_think'
[INFO] scripts\player\player_main.script:514: Empty event block 'game_transition_entered'
[INFO] scripts\player\player_main.script:865: Empty event block 'game_party_leave'
[WARNING] scripts\player\player_main.script:1117: Duplicate event name 'game_damaged_other'
[WARNING] scripts\player\player_main.script:145: No translator for command 'summonpets'
[WARNING] scripts\player\player_main.script:619: No translator for command 'set'
[WARNING] scripts\player\player_main.script:631: No translator for command 'set'
[WARNING] scripts\player\player_main.script:986: No translator for command 'noxploss'
[WARNING] scripts\player\player_sv_menu.script:2: Line outside event block: /
[INFO] scripts\player\player_sv_menu.script:93: Empty event block 'menu_give_item'
[WARNING] scripts\roghan\slow_walk.script:60: No translator for command 'hearingsensetivity'
[WARNING] scripts\roghan\slow_walk.script:61: Command 'hearingsensitivity' translator returned False
[WARNING] scripts\sfor\undamael.script:190: No translator for command 'usertrigger'
[WARNING] scripts\sfor\undamael2.script:137: No translator for command 'reflect attacks >100dmg'
[WARNING] scripts\sfor\undamael2.script:142: No translator for command 'regen all health on kill'
[INFO] scripts\sfor\undamael_head.script:57: Empty event block 'npcatk_hunt'
[INFO] scripts\shops\base_magic.script:76: Empty event block 'bs_epic_item'
[INFO] scripts\slithar\slithar.script:737: Empty event block 'npcatk_suspend_ai'
[INFO] scripts\slithar\slithar.script:822: Empty event block 'npc_suicide'
[WARNING] scripts\sorc_palace\sorc_chief.script:645: Duplicate event name 'game_damaged'
[WARNING] scripts\sorc_palace\sorc_chief.script:835: Duplicate event name 'warcry_done'
[WARNING] scripts\sorc_palace\sorc_chief.script:1063: Duplicate event name 'npc_post_spawn'
[WARNING] scripts\sorc_villa\sorc_blacksmith.script:342: No translator for command 'savenow'
[WARNING] scripts\test_scripts\test_angelscript_integration.script:10: Duplicate event name 'game_spawn'
[WARNING] scripts\test_scripts\test_angelscript_integration.script:20: No translator for command 'infomessage'
[WARNING] scripts\test_scripts\test_angelscript_integration.script:106: No translator for command 'infomessage'
[INFO] scripts\traps\fire_wall.script:64: Empty event block 'game_dynamically_created'
[WARNING] scripts\traps\volcano.script:66: No translator for command 'client'
[WARNING] scripts\tutorial\prisoner.script:41: No translator for command 'menu.autopen'
[WARNING] scripts\tutorial\slave.script:37: No translator for command 'menu.autopen'
[WARNING] scripts\worlditems\map_startup.script:49: Duplicate event name 'game_newlevel'